[[1;34mINFO[m] Scanning for projects...
[[1;33mWARNING[m] 
[[1;33mWARNING[m] Some problems were encountered while building the effective model for org.qdl-lang:language:jar:1.6-QDL-SNAPSHOT
[[1;33mWARNING[m] 'build.plugins.plugin.version' for org.apache.maven.plugins:maven-source-plugin is missing. @ line 35, column 21
[[1;33mWARNING[m] 
[[1;33mWARNING[m] Some problems were encountered while building the effective model for org.qdl-lang:tests:jar:1.6-QDL-SNAPSHOT
[[1;33mWARNING[m] 'dependencies.dependency.(groupId:artifactId:type:classifier)' must be unique: org.qdl-lang:language:jar -> duplicate declaration of version 1.6-QDL-SNAPSHOT @ line 25, column 21
[[1;33mWARNING[m] 'dependencies.dependency.(groupId:artifactId:type:classifier)' must be unique: org.qdl-lang:language:jar -> duplicate declaration of version 1.6-QDL-SNAPSHOT @ line 53, column 21
[[1;33mWARNING[m] 'build.plugins.plugin.version' for org.codehaus.mojo:exec-maven-plugin is missing. @ line 95, column 21
[[1;33mWARNING[m] 
[[1;33mWARNING[m] Some problems were encountered while building the effective model for org.qdl-lang:sas:jar:1.6-QDL-SNAPSHOT
[[1;33mWARNING[m] 'dependencies.dependency.(groupId:artifactId:type:classifier)' must be unique: org.qdl-lang:language:jar -> duplicate declaration of version 1.6-QDL-SNAPSHOT @ line 41, column 21
[[1;33mWARNING[m] 'build.plugins.plugin.version' for org.apache.maven.plugins:maven-source-plugin is missing. @ line 64, column 21
[[1;33mWARNING[m] 
[[1;33mWARNING[m] It is highly recommended to fix these problems because they threaten the stability of your build.
[[1;33mWARNING[m] 
[[1;33mWARNING[m] For this reason, future Maven versions might no longer support building such malformed projects.
[[1;33mWARNING[m] 
[[1;34mINFO[m] Inspecting build with total of 6 modules
[[1;34mINFO[m] Installing Central Publishing features
[[1;34mINFO[m] [1m------------------------------------------------------------------------[m
[[1;34mINFO[m] [1mReactor Build Order:[m
[[1;34mINFO[m] 
[[1;34mINFO[m] QDL root module                                                    [pom]
[[1;34mINFO[m] QDL base language                                                  [jar]
[[1;34mINFO[m] NCSA QDL Website                                                   [jar]
[[1;34mINFO[m] QDL Tests                                                          [jar]
[[1;34mINFO[m] SAS for QDL                                                        [jar]
[[1;34mINFO[m] skin                                                               [jar]
[[1;34mINFO[m] 
[[1;34mINFO[m] [1m--------------------------< [0;36morg.qdl-lang:qdl[0;1m >--------------------------[m
[[1;34mINFO[m] [1mBuilding QDL root module 1.6-QDL-SNAPSHOT                          [1/6][m
[[1;34mINFO[m] [1m--------------------------------[ pom ]---------------------------------[m
[[1;34mINFO[m] 
[[1;34mINFO[m] [1m--- [0;32mmaven-clean-plugin:2.5:clean[m [1m(default-clean)[m @ [36mqdl[0;1m ---[m
[[1;34mINFO[m] 
[[1;34mINFO[m] [1m--- [0;32mmaven-enforcer-plugin:1.2:enforce[m [1m(enforce-maven)[m @ [36mqdl[0;1m ---[m
[[1;34mINFO[m] 
[[1;34mINFO[m] [1m--- [0;32mmaven-javadoc-plugin:3.11.3:jar[m [1m(attach-javadocs)[m @ [36mqdl[0;1m ---[m
[[1;34mINFO[m] Not executing Javadoc as the project is not a Java classpath-capable package
[[1;34mINFO[m] 
[[1;34mINFO[m] [1m--- [0;32mmaven-gpg-plugin:1.6:sign[m [1m(sign-artifacts)[m @ [36mqdl[0;1m ---[m
[[1;34mINFO[m] 
[[1;34mINFO[m] [1m--- [0;32mmaven-install-plugin:2.4:install[m [1m(default-install)[m @ [36mqdl[0;1m ---[m
[[1;34mINFO[m] Installing /home/ncsa/dev/ncsa-git/qdl/pom.xml to /home/ncsa/.m2/repository/org/qdl-lang/qdl/1.6-QDL-SNAPSHOT/qdl-1.6-QDL-SNAPSHOT.pom
[[1;34mINFO[m] 
[[1;34mINFO[m] [1m-----------------------< [0;36morg.qdl-lang:language[0;1m >------------------------[m
[[1;34mINFO[m] [1mBuilding QDL base language 1.6-QDL-SNAPSHOT                        [2/6][m
[[1;34mINFO[m] [1m--------------------------------[ jar ]---------------------------------[m
[[1;34mINFO[m] 
[[1;34mINFO[m] [1m--- [0;32mmaven-clean-plugin:2.5:clean[m [1m(default-clean)[m @ [36mlanguage[0;1m ---[m
[[1;34mINFO[m] Deleting /home/ncsa/dev/ncsa-git/qdl/language/target
[[1;34mINFO[m] 
[[1;34mINFO[m] [1m--- [0;32mmaven-enforcer-plugin:1.2:enforce[m [1m(enforce-maven)[m @ [36mlanguage[0;1m ---[m
[[1;34mINFO[m] 
[[1;34mINFO[m] [1m--- [0;32mbuildnumber-maven-plugin:1.3:create[m [1m(default)[m @ [36mlanguage[0;1m ---[m
[[1;34mINFO[m] Storing buildNumber: Build: #15,444 (2026-10-09T08:28:33.698-04:00) at timestamp: 1791548913698
[[1;34mINFO[m] Storing buildScmBranch: main
[[1;34mINFO[m] 
[[1;34mINFO[m] [1m--- [0;32mmaven-resources-plugin:2.6:resources[m [1m(default-resources)[m @ [36mlanguage[0;1m ---[m
[[1;34mINFO[m] Using 'UTF-8' encoding to copy filtered resources.
[[1;34mINFO[m] Copying 98 resources
[[1;34mINFO[m] 
[[1;34mINFO[m] [1m--- [0;32mmaven-compiler-plugin:3.1:compile[m [1m(default-compile)[m @ [36mlanguage[0;1m ---[m
[[1;34mINFO[m] Changes detected - recompiling the module!
[[1;34mINFO[m] Compiling 361 source files to /home/ncsa/dev/ncsa-git/qdl/language/target/classes
[[1;33mWARNING[m] /home/ncsa/dev/ncsa-git/qdl/language/src/main/java/org/qdl_lang/variables/VStack.java: Some input files use or override a deprecated API.
[[1;33mWARNING[m] /home/ncsa/dev/ncsa-git/qdl/language/src/main/java/org/qdl_lang/variables/VStack.java: Recompile with -Xlint:deprecation for details.
[[1;33mWARNING[m] /home/ncsa/dev/ncsa-git/qdl/language/src/main/java/org/qdl_lang/variables/values/QDLValue.java: Some input files use unchecked or unsafe operations.
[[1;33mWARNING[m] /home/ncsa/dev/ncsa-git/qdl/language/src/main/java/org/qdl_lang/variables/values/QDLValue.java: Recompile with -Xlint:unchecked for details.
[[1;34mINFO[m] 
[[1;34mINFO[m] [1m--- [0;32mmaven-resources-plugin:2.6:testResources[m [1m(default-testResources)[m @ [36mlanguage[0;1m ---[m
[[1;34mINFO[m] Using 'UTF-8' encoding to copy filtered resources.
[[1;34mINFO[m] Copying 0 resource
[[1;34mINFO[m] 
[[1;34mINFO[m] [1m--- [0;32mmaven-compiler-plugin:3.1:testCompile[m [1m(default-testCompile)[m @ [36mlanguage[0;1m ---[m
[[1;34mINFO[m] No sources to compile
[[1;34mINFO[m] 
[[1;34mINFO[m] [1m--- [0;32mmaven-surefire-plugin:3.2.5:test[m [1m(default-test)[m @ [36mlanguage[0;1m ---[m
[[1;34mINFO[m] 
[[1;34mINFO[m] [1m--- [0;32mmaven-jar-plugin:2.4:jar[m [1m(default-jar)[m @ [36mlanguage[0;1m ---[m
[[1;34mINFO[m] Building jar: /home/ncsa/dev/ncsa-git/qdl/language/target/language-1.6-QDL-SNAPSHOT.jar
[[1;34mINFO[m] 
[[1;34mINFO[m] [1m>>> [0;32mmaven-source-plugin:3.4.0:jar[m [1m(attach-sources)[0;1m > [0;1mgenerate-sources[m @ [36mlanguage[0;1m >>>[m
[[1;34mINFO[m] 
[[1;34mINFO[m] [1m--- [0;32mmaven-enforcer-plugin:1.2:enforce[m [1m(enforce-maven)[m @ [36mlanguage[0;1m ---[m
[[1;34mINFO[m] 
[[1;34mINFO[m] [1m--- [0;32mbuildnumber-maven-plugin:1.3:create[m [1m(default)[m @ [36mlanguage[0;1m ---[m
[[1;34mINFO[m] Storing buildNumber: Build: #15,445 (2026-10-09T08:28:36.476-04:00) at timestamp: 1791548916476
[[1;34mINFO[m] Storing buildScmBranch: main
[[1;34mINFO[m] 
[[1;34mINFO[m] [1m<<< [0;32mmaven-source-plugin:3.4.0:jar[m [1m(attach-sources)[0;1m < [0;1mgenerate-sources[m @ [36mlanguage[0;1m <<<[m
[[1;34mINFO[m] 
[[1;34mINFO[m] 
[[1;34mINFO[m] [1m--- [0;32mmaven-source-plugin:3.4.0:jar[m [1m(attach-sources)[m @ [36mlanguage[0;1m ---[m
[[1;34mINFO[m] Building jar: /home/ncsa/dev/ncsa-git/qdl/language/target/language-1.6-QDL-SNAPSHOT-sources.jar
[[1;34mINFO[m] 
[[1;34mINFO[m] [1m--- [0;32mmaven-javadoc-plugin:3.11.3:jar[m [1m(attach-javadocs)[m @ [36mlanguage[0;1m ---[m
[[1;33mWARNING[m] Javadoc 1.4+ doesn't support the -1.1 switch anymore. Ignore this option.
[[1;33mWARNING[m] Javadoc Warnings
[[1;33mWARNING[m] /home/ncsa/dev/ncsa-git/qdl/language/src/main/java/org/qdl_lang/extensions/crypto/Crypto.java:812: warning: Tag @param cannot be used in field documentation.  It can only be used in the following types of documentation: class/interface, constructor, method.
[[1;33mWARNING[m] * @param rightArg
[[1;33mWARNING[m] ^
[[1;33mWARNING[m] /home/ncsa/dev/ncsa-git/qdl/language/src/main/java/org/qdl_lang/extensions/crypto/Crypto.java:813: warning: Tag @param cannot be used in field documentation.  It can only be used in the following types of documentation: class/interface, constructor, method.
[[1;33mWARNING[m] * @param cipher
[[1;33mWARNING[m] ^
[[1;33mWARNING[m] /home/ncsa/dev/ncsa-git/qdl/language/src/main/java/org/qdl_lang/extensions/crypto/Crypto.java:814: warning: Tag @param cannot be used in field documentation.  It can only be used in the following types of documentation: class/interface, constructor, method.
[[1;33mWARNING[m] * @param jsonWebKey
[[1;33mWARNING[m] ^
[[1;33mWARNING[m] /home/ncsa/dev/ncsa-git/qdl/language/src/main/java/org/qdl_lang/extensions/crypto/Crypto.java:815: warning: Tag @param cannot be used in field documentation.  It can only be used in the following types of documentation: class/interface, constructor, method.
[[1;33mWARNING[m] * @param usePrivateKey
[[1;33mWARNING[m] ^
[[1;33mWARNING[m] /home/ncsa/dev/ncsa-git/qdl/language/src/main/java/org/qdl_lang/extensions/crypto/Crypto.java:816: warning: Tag @param cannot be used in field documentation.  It can only be used in the following types of documentation: class/interface, constructor, method.
[[1;33mWARNING[m] * @param doDecrypt
[[1;33mWARNING[m] ^
[[1;33mWARNING[m] /home/ncsa/dev/ncsa-git/qdl/language/src/main/java/org/qdl_lang/extensions/crypto/Crypto.java:817: warning: Tag @return cannot be used in field documentation.  It can only be used in the following types of documentation: method.
[[1;33mWARNING[m] * @return
[[1;33mWARNING[m] ^
[[1;33mWARNING[m] /home/ncsa/dev/ncsa-git/qdl/language/src/main/java/org/qdl_lang/extensions/QDLVariable.java:38: warning: reference not found: edu.uiuc.ncsa.qdl.variables.QDLSet
[[1;33mWARNING[m] * {@link String}, {@link Long}, {@link BigDecimal}, {@link edu.uiuc.ncsa.qdl.variables.QDLSet}
[[1;33mWARNING[m] ^
[[1;33mWARNING[m] /home/ncsa/dev/ncsa-git/qdl/language/src/main/java/org/qdl_lang/extensions/QDLVariable.java:38: warning: reference not found: edu.uiuc.ncsa.qdl.variables.QDLSet
[[1;33mWARNING[m] * {@link String}, {@link Long}, {@link BigDecimal}, {@link edu.uiuc.ncsa.qdl.variables.QDLSet}
[[1;33mWARNING[m] ^
[[1;33mWARNING[m] /home/ncsa/dev/ncsa-git/qdl/language/src/main/java/org/qdl_lang/install/ListDistroFiles.java:65: warning: @return tag cannot be used in method with void return type.
[[1;33mWARNING[m] protected void createFileList(File rootDirectory) {
[[1;33mWARNING[m] ^
[[1;33mWARNING[m] /home/ncsa/dev/ncsa-git/qdl/language/src/main/java/org/qdl_lang/extensions/QDLVariable.java:38: warning: reference not found: edu.uiuc.ncsa.qdl.variables.QDLSet
[[1;33mWARNING[m] * {@link String}, {@link Long}, {@link BigDecimal}, {@link edu.uiuc.ncsa.qdl.variables.QDLSet}
[[1;33mWARNING[m] ^
[[1;33mWARNING[m] /home/ncsa/dev/ncsa-git/qdl/language/src/main/java/org/qdl_lang/extensions/QDLVariable.java:38: warning: reference not found: edu.uiuc.ncsa.qdl.variables.QDLSet
[[1;33mWARNING[m] * {@link String}, {@link Long}, {@link BigDecimal}, {@link edu.uiuc.ncsa.qdl.variables.QDLSet}
[[1;33mWARNING[m] ^
[[1;33mWARNING[m] /home/ncsa/dev/ncsa-git/qdl/language/src/main/java/org/qdl_lang/extensions/QDLVariable.java:38: warning: reference not found: edu.uiuc.ncsa.qdl.variables.QDLSet
[[1;33mWARNING[m] * {@link String}, {@link Long}, {@link BigDecimal}, {@link edu.uiuc.ncsa.qdl.variables.QDLSet}
[[1;33mWARNING[m] ^
[[1;33mWARNING[m] /home/ncsa/dev/ncsa-git/qdl/language/src/main/java/org/qdl_lang/gui/editor/QDLEditor.java:199: warning: unknown tag. Unregistered custom tag?
[[1;33mWARNING[m] * @noinspection ALL
[[1;33mWARNING[m] ^
[[1;33mWARNING[m] /home/ncsa/dev/ncsa-git/qdl/language/src/main/java/org/qdl_lang/variables/QDLList.java:309: warning: invalid input: '<'
[[1;33mWARNING[m] * Used in cases where the index < 0 and we have to compute it relative to the other indices.
[[1;33mWARNING[m] ^
[[1;33mWARNING[m] /home/ncsa/dev/ncsa-git/qdl/language/src/main/java/org/qdl_lang/variables/QDLList.java:243: warning: invalid input: '<'
[[1;33mWARNING[m] * Fill this list with size elements from the fill array. If size<length(fill)
[[1;33mWARNING[m] ^
[[1;33mWARNING[m] /home/ncsa/dev/ncsa-git/qdl/language/src/main/java/org/qdl_lang/variables/QDLList.java:309: warning: invalid input: '<'
[[1;33mWARNING[m] * Used in cases where the index < 0 and we have to compute it relative to the other indices.
[[1;33mWARNING[m] ^
[[1;33mWARNING[m] /home/ncsa/dev/ncsa-git/qdl/language/src/main/java/org/qdl_lang/extensions/QDLVariable.java:38: warning: reference not found: edu.uiuc.ncsa.qdl.variables.QDLSet
[[1;33mWARNING[m] * {@link String}, {@link Long}, {@link BigDecimal}, {@link edu.uiuc.ncsa.qdl.variables.QDLSet}
[[1;33mWARNING[m] ^
[[1;33mWARNING[m] /home/ncsa/dev/ncsa-git/qdl/language/src/main/java/org/qdl_lang/extensions/QDLVariable.java:38: warning: reference not found: edu.uiuc.ncsa.qdl.variables.QDLSet
[[1;33mWARNING[m] * {@link String}, {@link Long}, {@link BigDecimal}, {@link edu.uiuc.ncsa.qdl.variables.QDLSet}
[[1;33mWARNING[m] ^
[[1;33mWARNING[m] /home/ncsa/dev/ncsa-git/qdl/language/src/main/java/org/qdl_lang/extensions/QDLVariable.java:38: warning: reference not found: edu.uiuc.ncsa.qdl.variables.QDLSet
[[1;33mWARNING[m] * {@link String}, {@link Long}, {@link BigDecimal}, {@link edu.uiuc.ncsa.qdl.variables.QDLSet}
[[1;33mWARNING[m] ^
[[1;33mWARNING[m] /home/ncsa/dev/ncsa-git/qdl/language/src/main/java/org/qdl_lang/evaluate/StemEvaluator.java:2163: warning: unknown tag. Mistyped @deprecated or an unregistered custom tag?
[[1;33mWARNING[m] * @Deprecated
[[1;33mWARNING[m] ^
[[1;33mWARNING[m] /home/ncsa/dev/ncsa-git/qdl/language/src/main/java/org/qdl_lang/extensions/QDLVariable.java:38: warning: reference not found: edu.uiuc.ncsa.qdl.variables.QDLSet
[[1;33mWARNING[m] * {@link String}, {@link Long}, {@link BigDecimal}, {@link edu.uiuc.ncsa.qdl.variables.QDLSet}
[[1;33mWARNING[m] ^
[[1;33mWARNING[m] /home/ncsa/dev/ncsa-git/qdl/language/src/main/java/org/qdl_lang/gui/SwingTerminal.java:240: warning: unknown tag. Unregistered custom tag?
[[1;33mWARNING[m] * @noinspection ALL
[[1;33mWARNING[m] ^
[[1;33mWARNING[m] /home/ncsa/dev/ncsa-git/qdl/language/src/main/java/org/qdl_lang/exceptions/package-info.java:2: warning: reference not found: edu.uiuc.ncsa.qdl.exceptions.QDLException
[[1;33mWARNING[m] * All of the exceptions for QDL. These all extend {@link edu.uiuc.ncsa.qdl.exceptions.QDLException}.
[[1;33mWARNING[m] ^
[[1;33mWARNING[m] /home/ncsa/dev/ncsa-git/qdl/language/src/main/java/org/qdl_lang/variables/QDLList.java:309: warning: invalid input: '<'
[[1;33mWARNING[m] * Used in cases where the index < 0 and we have to compute it relative to the other indices.
[[1;33mWARNING[m] ^
[[1;33mWARNING[m] The generated documentation contains diagnostic markers for invalid input.
[[1;33mWARNING[m] 24 warnings
[[1;34mINFO[m] Building jar: /home/ncsa/dev/ncsa-git/qdl/language/target/language-1.6-QDL-SNAPSHOT-javadoc.jar
[[1;34mINFO[m] 
[[1;34mINFO[m] [1m--- [0;32mmaven-gpg-plugin:1.6:sign[m [1m(sign-artifacts)[m @ [36mlanguage[0;1m ---[m
[[1;34mINFO[m] 
[[1;34mINFO[m] [1m--- [0;32mmaven-install-plugin:2.4:install[m [1m(default-install)[m @ [36mlanguage[0;1m ---[m
[[1;34mINFO[m] Installing /home/ncsa/dev/ncsa-git/qdl/language/target/language-1.6-QDL-SNAPSHOT.jar to /home/ncsa/.m2/repository/org/qdl-lang/language/1.6-QDL-SNAPSHOT/language-1.6-QDL-SNAPSHOT.jar
[[1;34mINFO[m] Installing /home/ncsa/dev/ncsa-git/qdl/language/pom.xml to /home/ncsa/.m2/repository/org/qdl-lang/language/1.6-QDL-SNAPSHOT/language-1.6-QDL-SNAPSHOT.pom
[[1;34mINFO[m] Installing /home/ncsa/dev/ncsa-git/qdl/language/target/language-1.6-QDL-SNAPSHOT-sources.jar to /home/ncsa/.m2/repository/org/qdl-lang/language/1.6-QDL-SNAPSHOT/language-1.6-QDL-SNAPSHOT-sources.jar
[[1;34mINFO[m] Installing /home/ncsa/dev/ncsa-git/qdl/language/target/language-1.6-QDL-SNAPSHOT-javadoc.jar to /home/ncsa/.m2/repository/org/qdl-lang/language/1.6-QDL-SNAPSHOT/language-1.6-QDL-SNAPSHOT-javadoc.jar
[[1;34mINFO[m] 
[[1;34mINFO[m] [1m------------------------< [0;36morg.qdl-lang:website[0;1m >------------------------[m
[[1;34mINFO[m] [1mBuilding NCSA QDL Website 1.6-QDL-SNAPSHOT                         [3/6][m
[[1;34mINFO[m] [1m--------------------------------[ jar ]---------------------------------[m
[[1;34mINFO[m] 
[[1;34mINFO[m] [1m--- [0;32mmaven-clean-plugin:3.1.0:clean[m [1m(default-clean)[m @ [36mwebsite[0;1m ---[m
[[1;34mINFO[m] Deleting /home/ncsa/dev/ncsa-git/qdl/website/target
[[1;34mINFO[m] 
[[1;34mINFO[m] [1m--- [0;32mmaven-enforcer-plugin:1.2:enforce[m [1m(enforce-maven)[m @ [36mwebsite[0;1m ---[m
[[1;34mINFO[m] 
[[1;34mINFO[m] [1m--- [0;32mmaven-resources-plugin:2.6:resources[m [1m(default-resources)[m @ [36mwebsite[0;1m ---[m
[[1;34mINFO[m] Using 'UTF-8' encoding to copy filtered resources.
[[1;34mINFO[m] skip non existing resourceDirectory /home/ncsa/dev/ncsa-git/qdl/website/src/main/resources
[[1;34mINFO[m] 
[[1;34mINFO[m] [1m--- [0;32mmaven-compiler-plugin:3.1:compile[m [1m(default-compile)[m @ [36mwebsite[0;1m ---[m
[[1;34mINFO[m] No sources to compile
[[1;34mINFO[m] 
[[1;34mINFO[m] [1m--- [0;32mmaven-resources-plugin:2.6:testResources[m [1m(default-testResources)[m @ [36mwebsite[0;1m ---[m
[[1;34mINFO[m] Using 'UTF-8' encoding to copy filtered resources.
[[1;34mINFO[m] skip non existing resourceDirectory /home/ncsa/dev/ncsa-git/qdl/website/src/test/resources
[[1;34mINFO[m] 
[[1;34mINFO[m] [1m--- [0;32mmaven-compiler-plugin:3.1:testCompile[m [1m(default-testCompile)[m @ [36mwebsite[0;1m ---[m
[[1;34mINFO[m] No sources to compile
[[1;34mINFO[m] 
[[1;34mINFO[m] [1m--- [0;32mmaven-surefire-plugin:2.12.4:test[m [1m(default-test)[m @ [36mwebsite[0;1m ---[m
[[1;34mINFO[m] No tests to run.
[[1;34mINFO[m] 
[[1;34mINFO[m] [1m--- [0;32mmaven-jar-plugin:2.4:jar[m [1m(default-jar)[m @ [36mwebsite[0;1m ---[m
[[1;33mWARNING[m] JAR will be empty - no content was marked for inclusion!
[[1;34mINFO[m] Building jar: /home/ncsa/dev/ncsa-git/qdl/website/target/website-1.6-QDL-SNAPSHOT.jar
[[1;34mINFO[m] 
[[1;34mINFO[m] [1m--- [0;32mmaven-javadoc-plugin:3.11.3:jar[m [1m(attach-javadocs)[m @ [36mwebsite[0;1m ---[m
[[1;34mINFO[m] No Javadoc in project. Archive not created.
[[1;34mINFO[m] 
[[1;34mINFO[m] [1m--- [0;32mmaven-gpg-plugin:1.6:sign[m [1m(sign-artifacts)[m @ [36mwebsite[0;1m ---[m
[[1;34mINFO[m] 
[[1;34mINFO[m] [1m--- [0;32mmaven-install-plugin:2.4:install[m [1m(default-install)[m @ [36mwebsite[0;1m ---[m
[[1;34mINFO[m] Installing /home/ncsa/dev/ncsa-git/qdl/website/target/website-1.6-QDL-SNAPSHOT.jar to /home/ncsa/.m2/repository/org/qdl-lang/website/1.6-QDL-SNAPSHOT/website-1.6-QDL-SNAPSHOT.jar
[[1;34mINFO[m] Installing /home/ncsa/dev/ncsa-git/qdl/website/pom.xml to /home/ncsa/.m2/repository/org/qdl-lang/website/1.6-QDL-SNAPSHOT/website-1.6-QDL-SNAPSHOT.pom
[[1;34mINFO[m] 
[[1;34mINFO[m] [1m-------------------------< [0;36morg.qdl-lang:tests[0;1m >-------------------------[m
[[1;34mINFO[m] [1mBuilding QDL Tests 1.6-QDL-SNAPSHOT                                [4/6][m
[[1;34mINFO[m] [1m--------------------------------[ jar ]---------------------------------[m
[[1;34mINFO[m] 
[[1;34mINFO[m] [1m--- [0;32mmaven-clean-plugin:2.5:clean[m [1m(default-clean)[m @ [36mtests[0;1m ---[m
[[1;34mINFO[m] 
[[1;34mINFO[m] [1m--- [0;32mmaven-enforcer-plugin:1.2:enforce[m [1m(enforce-maven)[m @ [36mtests[0;1m ---[m
[[1;34mINFO[m] 
[[1;34mINFO[m] [1m--- [0;32mmaven-resources-plugin:2.6:resources[m [1m(default-resources)[m @ [36mtests[0;1m ---[m
[[1;34mINFO[m] Using 'UTF-8' encoding to copy filtered resources.
[[1;34mINFO[m] skip non existing resourceDirectory /home/ncsa/dev/ncsa-git/qdl/tests/src/main/resources
[[1;34mINFO[m] 
[[1;34mINFO[m] [1m--- [0;32mmaven-compiler-plugin:3.1:compile[m [1m(default-compile)[m @ [36mtests[0;1m ---[m
[[1;34mINFO[m] No sources to compile
[[1;34mINFO[m] 
[[1;34mINFO[m] [1m--- [0;32mmaven-resources-plugin:2.6:testResources[m [1m(default-testResources)[m @ [36mtests[0;1m ---[m
[[1;34mINFO[m] Using 'UTF-8' encoding to copy filtered resources.
[[1;34mINFO[m] Copying 36 resources
[[1;34mINFO[m] 
[[1;34mINFO[m] [1m--- [0;32mmaven-compiler-plugin:3.1:testCompile[m [1m(default-testCompile)[m @ [36mtests[0;1m ---[m
[[1;34mINFO[m] Changes detected - recompiling the module!
[[1;34mINFO[m] Compiling 26 source files to /home/ncsa/dev/ncsa-git/qdl/tests/target/test-classes
[[1;33mWARNING[m] /home/ncsa/dev/ncsa-git/qdl/tests/src/test/java/org/qdl_lang/AbstractQDLTester.java: Some input files use or override a deprecated API.
[[1;33mWARNING[m] /home/ncsa/dev/ncsa-git/qdl/tests/src/test/java/org/qdl_lang/AbstractQDLTester.java: Recompile with -Xlint:deprecation for details.
[[1;33mWARNING[m] /home/ncsa/dev/ncsa-git/qdl/tests/src/test/java/org/qdl_lang/TestUtils.java: /home/ncsa/dev/ncsa-git/qdl/tests/src/test/java/org/qdl_lang/TestUtils.java uses unchecked or unsafe operations.
[[1;33mWARNING[m] /home/ncsa/dev/ncsa-git/qdl/tests/src/test/java/org/qdl_lang/TestUtils.java: Recompile with -Xlint:unchecked for details.
[[1;34mINFO[m] 
[[1;34mINFO[m] [1m--- [0;32mmaven-surefire-plugin:3.2.5:test[m [1m(default-test)[m @ [36mtests[0;1m ---[m
[[1;34mINFO[m] Using auto detected provider org.apache.maven.surefire.junit4.JUnit4Provider
[[1;34mINFO[m] 
[[1;34mINFO[m] -------------------------------------------------------
[[1;34mINFO[m]  T E S T S
[[1;34mINFO[m] -------------------------------------------------------
[[1;34mINFO[m] Running org.qdl_lang.[1mTestSuite[m
Check that the phrase "These are not the droids you are looking for" is printed:
These are not the droids you are looking for
Clipboard test exist skipped
Clipboard test read/write skipped

printing all base characters with say:
abcdefghijklmnopqrstuvwxyzABCDEFGHIJKLMNOPQRSTUVWXYZ0123456789
  ~`!@#$%^&*()[]{}<>\/'"-_=+|;:,.?
  ¬¿¯·×÷⁺→⇒∅∧∨≈≔≕≠≡≤≥⊨⌈⌊⟦⟧√≁⊕⊗⊙⌆µ⊢∈∉∀∋∌∃∄∩∪∆∂
  ΑαΒβΓγΔδΕεΖζΗηΘθϑΙιΚκϰΛλΜμΝνΞξΟοΠπϖΡρϱΣσςΤτΥυΦφΧχΨψΩω
[[1;34mINFO[m] [1;32mTests run: [0;1;32m646[m, Failures: 0, Errors: 0, Skipped: 0, Time elapsed: 11.74 s -- in org.qdl_lang.[1mTestSuite[m
[[1;34mINFO[m] 
[[1;34mINFO[m] Results:
[[1;34mINFO[m] 
[[1;34mINFO[m] [1;32mTests run: 646, Failures: 0, Errors: 0, Skipped: 0[m
[[1;34mINFO[m] 
[[1;34mINFO[m] 
[[1;34mINFO[m] [1m--- [0;32mmaven-jar-plugin:3.3.0:test-jar[m [1m(default-jar)[m @ [36mtests[0;1m ---[m
[[1;34mINFO[m] Building jar: /home/ncsa/dev/ncsa-git/qdl/tests/target/tests-1.6-QDL-SNAPSHOT-tests.jar
[[1;34mINFO[m] 
[[1;34mINFO[m] [1m--- [0;32mmaven-jar-plugin:3.3.0:jar[m [1m(default-jar)[m @ [36mtests[0;1m ---[m
[[1;33mWARNING[m] JAR will be empty - no content was marked for inclusion!
[[1;34mINFO[m] Building jar: /home/ncsa/dev/ncsa-git/qdl/tests/target/tests-1.6-QDL-SNAPSHOT.jar
[[1;34mINFO[m] 
[[1;34mINFO[m] [1m--- [0;32mmaven-javadoc-plugin:3.11.3:jar[m [1m(attach-javadocs)[m @ [36mtests[0;1m ---[m
[[1;34mINFO[m] No Javadoc in project. Archive not created.
[[1;34mINFO[m] 
[[1;34mINFO[m] [1m--- [0;32mmaven-gpg-plugin:1.6:sign[m [1m(sign-artifacts)[m @ [36mtests[0;1m ---[m
[[1;34mINFO[m] 
[[1;34mINFO[m] [1m--- [0;32mmaven-install-plugin:2.4:install[m [1m(default-install)[m @ [36mtests[0;1m ---[m
[[1;34mINFO[m] Installing /home/ncsa/dev/ncsa-git/qdl/tests/target/tests-1.6-QDL-SNAPSHOT.jar to /home/ncsa/.m2/repository/org/qdl-lang/tests/1.6-QDL-SNAPSHOT/tests-1.6-QDL-SNAPSHOT.jar
[[1;34mINFO[m] Installing /home/ncsa/dev/ncsa-git/qdl/tests/pom.xml to /home/ncsa/.m2/repository/org/qdl-lang/tests/1.6-QDL-SNAPSHOT/tests-1.6-QDL-SNAPSHOT.pom
[[1;34mINFO[m] Installing /home/ncsa/dev/ncsa-git/qdl/tests/target/tests-1.6-QDL-SNAPSHOT-tests.jar to /home/ncsa/.m2/repository/org/qdl-lang/tests/1.6-QDL-SNAPSHOT/tests-1.6-QDL-SNAPSHOT-tests.jar
[[1;34mINFO[m] 
[[1;34mINFO[m] [1m--------------------------< [0;36morg.qdl-lang:sas[0;1m >--------------------------[m
[[1;34mINFO[m] [1mBuilding SAS for QDL 1.6-QDL-SNAPSHOT                              [5/6][m
[[1;34mINFO[m] [1m--------------------------------[ jar ]---------------------------------[m
[[1;34mINFO[m] 
[[1;34mINFO[m] [1m--- [0;32mmaven-clean-plugin:2.5:clean[m [1m(default-clean)[m @ [36msas[0;1m ---[m
[[1;34mINFO[m] Deleting /home/ncsa/dev/ncsa-git/qdl/sas/target
[[1;34mINFO[m] 
[[1;34mINFO[m] [1m--- [0;32mmaven-enforcer-plugin:1.2:enforce[m [1m(enforce-maven)[m @ [36msas[0;1m ---[m
[[1;34mINFO[m] 
[[1;34mINFO[m] [1m--- [0;32mmaven-resources-plugin:2.6:resources[m [1m(default-resources)[m @ [36msas[0;1m ---[m
[[1;34mINFO[m] Using 'UTF-8' encoding to copy filtered resources.
[[1;34mINFO[m] skip non existing resourceDirectory /home/ncsa/dev/ncsa-git/qdl/sas/src/main/resources
[[1;34mINFO[m] 
[[1;34mINFO[m] [1m--- [0;32mmaven-compiler-plugin:3.1:compile[m [1m(default-compile)[m @ [36msas[0;1m ---[m
[[1;34mINFO[m] Changes detected - recompiling the module!
[[1;34mINFO[m] Compiling 22 source files to /home/ncsa/dev/ncsa-git/qdl/sas/target/classes
[[1;33mWARNING[m] /home/ncsa/dev/ncsa-git/qdl/sas/src/main/java/org/qdl_lang/sas/loader/QDLSASCFConfigurationLoader.java: Some input files use unchecked or unsafe operations.
[[1;33mWARNING[m] /home/ncsa/dev/ncsa-git/qdl/sas/src/main/java/org/qdl_lang/sas/loader/QDLSASCFConfigurationLoader.java: Recompile with -Xlint:unchecked for details.
[[1;34mINFO[m] 
[[1;34mINFO[m] [1m--- [0;32mmaven-resources-plugin:2.6:testResources[m [1m(default-testResources)[m @ [36msas[0;1m ---[m
[[1;34mINFO[m] Using 'UTF-8' encoding to copy filtered resources.
[[1;34mINFO[m] skip non existing resourceDirectory /home/ncsa/dev/ncsa-git/qdl/sas/src/test/resources
[[1;34mINFO[m] 
[[1;34mINFO[m] [1m--- [0;32mmaven-compiler-plugin:3.1:testCompile[m [1m(default-testCompile)[m @ [36msas[0;1m ---[m
[[1;34mINFO[m] No sources to compile
[[1;34mINFO[m] 
[[1;34mINFO[m] [1m--- [0;32mmaven-surefire-plugin:2.12.4:test[m [1m(default-test)[m @ [36msas[0;1m ---[m
[[1;34mINFO[m] No tests to run.
[[1;34mINFO[m] 
[[1;34mINFO[m] [1m--- [0;32mmaven-jar-plugin:2.4:jar[m [1m(default-jar)[m @ [36msas[0;1m ---[m
[[1;34mINFO[m] Building jar: /home/ncsa/dev/ncsa-git/qdl/sas/target/qdl-sas.jar
[[1;34mINFO[m] 
[[1;34mINFO[m] [1m--- [0;32mmaven-javadoc-plugin:3.11.3:jar[m [1m(attach-javadocs)[m @ [36msas[0;1m ---[m
[[1;33mWARNING[m] Javadoc 1.4+ doesn't support the -1.1 switch anymore. Ignore this option.
[[1;34mINFO[m] Building jar: /home/ncsa/dev/ncsa-git/qdl/sas/target/qdl-sas-javadoc.jar
[[1;34mINFO[m] 
[[1;34mINFO[m] [1m>>> [0;32mmaven-source-plugin:3.4.0:jar[m [1m(attach-sources)[0;1m > [0;1mgenerate-sources[m @ [36msas[0;1m >>>[m
[[1;34mINFO[m] 
[[1;34mINFO[m] [1m--- [0;32mmaven-enforcer-plugin:1.2:enforce[m [1m(enforce-maven)[m @ [36msas[0;1m ---[m
[[1;34mINFO[m] 
[[1;34mINFO[m] [1m<<< [0;32mmaven-source-plugin:3.4.0:jar[m [1m(attach-sources)[0;1m < [0;1mgenerate-sources[m @ [36msas[0;1m <<<[m
[[1;34mINFO[m] 
[[1;34mINFO[m] 
[[1;34mINFO[m] [1m--- [0;32mmaven-source-plugin:3.4.0:jar[m [1m(attach-sources)[m @ [36msas[0;1m ---[m
[[1;34mINFO[m] Building jar: /home/ncsa/dev/ncsa-git/qdl/sas/target/qdl-sas-sources.jar
[[1;34mINFO[m] 
[[1;34mINFO[m] [1m--- [0;32mmaven-gpg-plugin:1.6:sign[m [1m(sign-artifacts)[m @ [36msas[0;1m ---[m
[[1;34mINFO[m] 
[[1;34mINFO[m] [1m--- [0;32mmaven-install-plugin:2.4:install[m [1m(default-install)[m @ [36msas[0;1m ---[m
[[1;34mINFO[m] Installing /home/ncsa/dev/ncsa-git/qdl/sas/target/qdl-sas.jar to /home/ncsa/.m2/repository/org/qdl-lang/sas/1.6-QDL-SNAPSHOT/sas-1.6-QDL-SNAPSHOT.jar
[[1;34mINFO[m] Installing /home/ncsa/dev/ncsa-git/qdl/sas/pom.xml to /home/ncsa/.m2/repository/org/qdl-lang/sas/1.6-QDL-SNAPSHOT/sas-1.6-QDL-SNAPSHOT.pom
[[1;34mINFO[m] Installing /home/ncsa/dev/ncsa-git/qdl/sas/target/qdl-sas-javadoc.jar to /home/ncsa/.m2/repository/org/qdl-lang/sas/1.6-QDL-SNAPSHOT/sas-1.6-QDL-SNAPSHOT-javadoc.jar
[[1;34mINFO[m] Installing /home/ncsa/dev/ncsa-git/qdl/sas/target/qdl-sas-sources.jar to /home/ncsa/.m2/repository/org/qdl-lang/sas/1.6-QDL-SNAPSHOT/sas-1.6-QDL-SNAPSHOT-sources.jar
[[1;34mINFO[m] 
[[1;34mINFO[m] [1m-------------------------< [0;36morg.qdl-lang:skin[0;1m >--------------------------[m
[[1;34mINFO[m] [1mBuilding skin 1.6-QDL-SNAPSHOT                                     [6/6][m
[[1;34mINFO[m] [1m--------------------------------[ jar ]---------------------------------[m
[[1;34mINFO[m] 
[[1;34mINFO[m] [1m--- [0;32mmaven-clean-plugin:3.1.0:clean[m [1m(default-clean)[m @ [36mskin[0;1m ---[m
[[1;34mINFO[m] 
[[1;34mINFO[m] [1m--- [0;32mmaven-enforcer-plugin:1.2:enforce[m [1m(enforce-maven)[m @ [36mskin[0;1m ---[m
[[1;34mINFO[m] 
[[1;34mINFO[m] [1m--- [0;32mmaven-resources-plugin:3.0.2:resources[m [1m(default-resources)[m @ [36mskin[0;1m ---[m
[[1;34mINFO[m] Using 'UTF-8' encoding to copy filtered resources.
[[1;34mINFO[m] Copying 14 resources
[[1;34mINFO[m] 
[[1;34mINFO[m] [1m--- [0;32mmaven-compiler-plugin:3.8.0:compile[m [1m(default-compile)[m @ [36mskin[0;1m ---[m
[[1;34mINFO[m] No sources to compile
[[1;34mINFO[m] 
[[1;34mINFO[m] [1m--- [0;32mmaven-resources-plugin:3.0.2:testResources[m [1m(default-testResources)[m @ [36mskin[0;1m ---[m
[[1;34mINFO[m] Using 'UTF-8' encoding to copy filtered resources.
[[1;34mINFO[m] skip non existing resourceDirectory /home/ncsa/dev/ncsa-git/qdl/skin/src/test/resources
[[1;34mINFO[m] 
[[1;34mINFO[m] [1m--- [0;32mmaven-compiler-plugin:3.8.0:testCompile[m [1m(default-testCompile)[m @ [36mskin[0;1m ---[m
[[1;34mINFO[m] No sources to compile
[[1;34mINFO[m] 
[[1;34mINFO[m] [1m--- [0;32mmaven-surefire-plugin:3.2.5:test[m [1m(default-test)[m @ [36mskin[0;1m ---[m
[[1;34mINFO[m] No tests to run.
[[1;34mINFO[m] 
[[1;34mINFO[m] [1m--- [0;32mmaven-jar-plugin:3.0.2:jar[m [1m(default-jar)[m @ [36mskin[0;1m ---[m
[[1;34mINFO[m] Building jar: /home/ncsa/dev/ncsa-git/qdl/skin/target/skin-1.6-QDL-SNAPSHOT.jar
[[1;34mINFO[m] 
[[1;34mINFO[m] [1m--- [0;32mmaven-javadoc-plugin:3.11.3:jar[m [1m(attach-javadocs)[m @ [36mskin[0;1m ---[m
[[1;34mINFO[m] No Javadoc in project. Archive not created.
[[1;34mINFO[m] 
[[1;34mINFO[m] [1m--- [0;32mmaven-gpg-plugin:1.6:sign[m [1m(sign-artifacts)[m @ [36mskin[0;1m ---[m
[[1;34mINFO[m] 
[[1;34mINFO[m] [1m--- [0;32mmaven-install-plugin:2.5.2:install[m [1m(default-install)[m @ [36mskin[0;1m ---[m
[[1;34mINFO[m] Installing /home/ncsa/dev/ncsa-git/qdl/skin/target/skin-1.6-QDL-SNAPSHOT.jar to /home/ncsa/.m2/repository/org/qdl-lang/skin/1.6-QDL-SNAPSHOT/skin-1.6-QDL-SNAPSHOT.jar
[[1;34mINFO[m] Installing /home/ncsa/dev/ncsa-git/qdl/skin/pom.xml to /home/ncsa/.m2/repository/org/qdl-lang/skin/1.6-QDL-SNAPSHOT/skin-1.6-QDL-SNAPSHOT.pom
[[1;34mINFO[m] [1m------------------------------------------------------------------------[m
[[1;34mINFO[m] [1mReactor Summary for QDL root module 1.6-QDL-SNAPSHOT:[m
[[1;34mINFO[m] 
[[1;34mINFO[m] QDL root module .................................... [1;32mSUCCESS[m [  0.532 s]
[[1;34mINFO[m] QDL base language .................................. [1;32mSUCCESS[m [  7.040 s]
[[1;34mINFO[m] NCSA QDL Website ................................... [1;32mSUCCESS[m [  0.040 s]
[[1;34mINFO[m] QDL Tests .......................................... [1;32mSUCCESS[m [ 12.303 s]
[[1;34mINFO[m] SAS for QDL ........................................ [1;32mSUCCESS[m [  0.900 s]
[[1;34mINFO[m] skin ............................................... [1;32mSUCCESS[m [  0.100 s]
[[1;34mINFO[m] [1m------------------------------------------------------------------------[m
[[1;34mINFO[m] [1;32mBUILD SUCCESS[m
[[1;34mINFO[m] [1m------------------------------------------------------------------------[m
[[1;34mINFO[m] Total time:  21.115 s
[[1;34mINFO[m] Finished at: 2026-10-09T08:28:53-04:00
[[1;34mINFO[m] [1m------------------------------------------------------------------------[m
